<html>
<body>
<pre>
<h1>µVision Build Log</h1>
<h2>Tool Versions:</h2>
IDE-Version: £gVision V5.14.0.0
Copyright (C) 2015 ARM Ltd and ARM Germany GmbH. All rights reserved.
License Information: jimmy jimmy, jimmy, LIC=IK1VE-5QLF0-UFCI2-9K3M4-73GT6-UGMQS
 
Tool Versions:
Toolchain:       MDK-ARM Standard  Version: 5.14.0.0
Toolchain Path:  C:\Keil_v5\ARM\ARMCC\Bin
C Compiler:      Armcc.exe V5.05 update 1 (build 106)
Assembler:       Armasm.exe V5.05 update 1 (build 106)
Linker/Locator:  ArmLink.exe V5.05 update 1 (build 106)
Library Manager: ArmAr.exe V5.05 update 1 (build 106)
Hex Converter:   FromElf.exe V5.05 update 1 (build 106)
CPU DLL:         SARMCM3.DLL V5.14.0.0
Dialog DLL:      DCM.DLL V1.13.1.0
Target DLL:      STLink\ST-LINKIII-KEIL_SWO.dll V2.0.14.0_KEIL
Dialog DLL:      TCM.DLL V1.14.4.0
 
<h2>Project:</h2>
C:\altera\1082-vhdl\final _v2\hw11\USER\TOUCH.uvprojx
Project File Date:  05/26/2020

<h2>Output:</h2>
Rebuild target 'TOUCH'
compiling main.c...
main.c(373): warning:  #177-D: variable "i" was declared but never referenced
        u8 i=0;             
main.c(429): warning:  #177-D: variable "ci" was declared but never referenced
        u8 ci, xi;
main.c(429): warning:  #177-D: variable "xi" was declared but never referenced
        u8 ci, xi;
main.c: 3 warnings, 0 errors
compiling stm32f4xx_it.c...
compiling system_stm32f4xx.c...
compiling led.c...
compiling lcd.c...
compiling key.c...
compiling myiic.c...
compiling 24cxx.c...
compiling ctiic.c...
compiling gt9147.c...
compiling ott2001a.c...
compiling ft5206.c...
compiling touch.c...
compiling delay.c...
compiling sys.c...
compiling usart.c...
assembling startup_stm32f40_41xxx.s...
compiling misc.c...
compiling stm32f4xx_gpio.c...
compiling stm32f4xx_fsmc.c...
compiling stm32f4xx_rcc.c...
compiling stm32f4xx_syscfg.c...
compiling stm32f4xx_usart.c...
linking...
Program Size: Code=42720 RO-data=6916 RW-data=128 ZI-data=1848  
FromELF: creating hex file...
"..\OBJ\TOUCH.axf" - 0 Error(s), 3 Warning(s).

<h2>Collection of Component include folders:</h2>
  C:\altera\1082-vhdl\final _v2\hw11\USER\RTE
  C:\Keil_v5\ARM\PACK\Keil\STM32F4xx_DFP\1.0.8\Device\Include

<h2>Collection of Component Files used:</h2>
</pre>
</body>
</html>
